
> sunflag-global-hospital@1.0.0 build
> vite build

[36mvite v7.3.3 [32mbuilding client environment for production...[36m[39m
transforming...
[32mΓ£ô[39m 1902 modules transformed.
Γ£ù Build failed in 21.09s
error during build:
[vite:terser] terser not found. Since Vite v3, terser has become an optional dependency. You need to install it.
    at loadTerserPath (file:///C:/Users/Choubisi%20ComputerS/OneDrive/Documents/sunflag-hospital/sunflag-hospital/node_modules/vite/dist/node/chunks/config.js:32994:8)
    at Object.renderChunk (file:///C:/Users/Choubisi%20ComputerS/OneDrive/Documents/sunflag-hospital/sunflag-hospital/node_modules/vite/dist/node/chunks/config.js:33023:39)
    at Object.handler (file:///C:/Users/Choubisi%20ComputerS/OneDrive/Documents/sunflag-hospital/sunflag-hospital/node_modules/vite/dist/node/chunks/config.js:33763:13)
    at file:///C:/Users/Choubisi%20ComputerS/OneDrive/Documents/sunflag-hospital/sunflag-hospital/node_modules/rollup/dist/es/shared/node-entry.js:22988:40
    at process.processTicksAndRejections (node:internal/process/task_queues:103:5)
